15:57:04 **** Incremental Build of configuration Debug for project ROS_ROS ****
make -j12 all 
arm-none-eabi-gcc "../Core/Src/main.c" -mcpu=cortex-m4 -std=gnu11 -g3 -DDEBUG -DUSE_HAL_DRIVER -DSTM32F411xE -c -I../Core/Inc -I../Drivers/STM32F4xx_HAL_Driver/Inc -I../Drivers/STM32F4xx_HAL_Driver/Inc/Legacy -I../Drivers/CMSIS/Device/ST/STM32F4xx/Include -I../Drivers/CMSIS/Include -I"E:/project stm32/ROS_ROS/STM32_LIBRARIES" -O0 -ffunction-sections -fdata-sections -Wall -fstack-usage -fcyclomatic-complexity -MMD -MP -MF"Core/Src/main.d" -MT"Core/Src/main.o" --specs=nano.specs -mfpu=fpv4-sp-d16 -mfloat-abi=hard -mthumb -o "Core/Src/main.o"
arm-none-eabi-g++ -o "ROS_ROS.elf" @"objects.list"   -mcpu=cortex-m4 -T"/home/thuong/Downloads/ROS_mobile/ROS_ROS/STM32F411VETX_FLASH.ld" -Wl,-Map="ROS_ROS.map" -Wl,--gc-sections -static --specs=nano.specs -mfpu=fpv4-sp-d16 -mfloat-abi=hard -mthumb -Wl,--start-group -lc -lm -lstdc++ -lsupc++ -Wl,--end-group
Finished building target: ROS_ROS.elf
 
arm-none-eabi-size  ROS_ROS.elf 
arm-none-eabi-objdump -h -S ROS_ROS.elf  > "ROS_ROS.list"
   text	   data	    bss	    dec	    hex	filename
  23356	     40	   2320	  25716	   6474	ROS_ROS.elf
Finished building: default.size.stdout
 
Finished building: ROS_ROS.list
 
15:57:09 **** Incremental Build of configuration Debug for project ROS_ROS ****
make -j12 all 
arm-none-eabi-size  ROS_ROS.elf 
   text	   data	    bss	    dec	    hex	filename
  23356	     40	   2320	  25716	   6474	ROS_ROS.elf
Finished building: default.size.stdout
 
